nohup: ignoring input
/home/liwenbo/xuyingyu/GRU/LSTM_GRU.py:34: FutureWarning: Series.fillna with 'method' is deprecated and will raise in a future version. Use obj.ffill() or obj.bfill() instead.
  df[col] = df[col].fillna(method="ffill")
/home/liwenbo/xuyingyu/GRU/LSTM_GRU.py:35: FutureWarning: Series.fillna with 'method' is deprecated and will raise in a future version. Use obj.ffill() or obj.bfill() instead.
  df[col] = df[col].fillna(method="bfill")
开始缺失值填充...
缺失值统计:
mtm_5                  5
mtm_10                10
mtm_20                20
ma_5                   4
ma_10                  9
ma_20                 19
ema_5                  4
ema_10                 9
ema_20                19
tr                     1
atr                   14
u                      1
d                      1
au                    14
ad                    14
rs                    14
rsi                   14
ma_12                 11
ma_26                 25
ema_12                11
ema_26                25
dif                   25
dif_ma_9              33
dea                   33
volume_change_rate     1
dtype: int64
填充后剩余缺失值数量: 0
读取到数据文件: data/000001.SZ.csv
数据加载完成！

=== 缺失值检查和处理 ===
列 1 (open): 无缺失值
列 2 (high): 无缺失值
列 3 (low): 无缺失值
列 4 (close): 无缺失值
列 5 (pre_close): 无缺失值
列 6 (change): 无缺失值
列 7 (pct_chg): 无缺失值
列 8 (vol): 无缺失值
列 9 (amount): 无缺失值
列 10 (mtm_5): 无缺失值
列 11 (mtm_10): 无缺失值
列 12 (mtm_20): 无缺失值
列 13 (ma_5): 无缺失值
列 14 (ma_10): 无缺失值
列 15 (ma_20): 无缺失值
列 16 (ema_5): 无缺失值
列 17 (ema_10): 无缺失值
列 18 (ema_20): 无缺失值
列 19 (tr): 无缺失值
列 20 (atr): 无缺失值
列 21 (u): 无缺失值
列 22 (d): 无缺失值
列 23 (au): 无缺失值
列 24 (ad): 无缺失值
列 25 (rs): 无缺失值
列 26 (rsi): 无缺失值
列 27 (ma_12): 无缺失值
列 28 (ma_26): 无缺失值
列 29 (ema_12): 无缺失值
列 30 (ema_26): 无缺失值
列 31 (dif): 无缺失值
列 32 (dif_ma_9): 无缺失值
列 33 (dea): 无缺失值
列 34 (volume_change_rate): 无缺失值

缺失值处理总结:
总共处理了 0 个缺失值
数据完整，无缺失值
✓ 所有缺失值已成功处理
数据集样本数量: 3147
目标变量形状: (3256,)
特征变量形状: (3256, 33)
每个样本包含天数: 110 (input=100, output=10)
数据集样本数量: 253
目标变量形状: (362,)
特征变量形状: (362, 33)
每个样本包含天数: 110 (input=100, output=10)
训练集样本数: 3147
测试集样本数: 253
开始训练...
Epoch [10/100], Loss (反标准化后): 0.169576
Epoch [20/100], Loss (反标准化后): 0.087952
Epoch [30/100], Loss (反标准化后): 0.068836
Epoch [40/100], Loss (反标准化后): 0.057492
Epoch [50/100], Loss (反标准化后): 0.045521
Epoch [60/100], Loss (反标准化后): 0.041103
Epoch [70/100], Loss (反标准化后): 0.030737
Epoch [80/100], Loss (反标准化后): 0.027906
Epoch [90/100], Loss (反标准化后): 0.036964
Epoch [100/100], Loss (反标准化后): 0.048538
训练完成！
模型已保存到 model_gru/000001.SZ.pth
训练曲线已保存到 plots_gru/000001.SZ.png
